AR decoded_keyboard behavioral "C:/Users/Benjamin/Documents/GitHub/ENEL-453-Labs/Lab 4/lab4_Hilborn_Kopp_prelab/Lab4_Hilborn_Kopp/decoded_keyboard.vhd.vhd" sub00/vhpl09 1427225968
EN keyboard NULL "C:/Users/Benjamin/Documents/GitHub/ENEL-453-Labs/Lab 4/lab4_Hilborn_Kopp_prelab/Lab4_Hilborn_Kopp/keyboard.vhd" sub00/vhpl02 1427225961
AR sync_signals_generator behavioral "C:/Users/Benjamin/Documents/GitHub/ENEL-453-Labs/Lab 4/lab4_Hilborn_Kopp_prelab/lab3_Hilborn_Kopp/sync_signal_generator.vhd" sub00/vhpl11 1427225970
AR clock_divider behavioral "C:/Users/Benjamin/Documents/GitHub/ENEL-453-Labs/Lab 4/lab4_Hilborn_Kopp_prelab/lab3_Hilborn_Kopp/clock_divider.vhd" sub00/vhpl05 1427225964
EN sync_signals_generator NULL "C:/Users/Benjamin/Documents/GitHub/ENEL-453-Labs/Lab 4/lab4_Hilborn_Kopp_prelab/lab3_Hilborn_Kopp/sync_signal_generator.vhd" sub00/vhpl10 1427225969
EN controlled_box NULL "C:/Users/Benjamin/Documents/GitHub/ENEL-453-Labs/Lab 4/lab4_Hilborn_Kopp_prelab/Lab4_Hilborn_Kopp/controlled_box.vhd" sub00/vhpl06 1427225965
EN clock_divider NULL "C:/Users/Benjamin/Documents/GitHub/ENEL-453-Labs/Lab 4/lab4_Hilborn_Kopp_prelab/lab3_Hilborn_Kopp/clock_divider.vhd" sub00/vhpl04 1427225963
AR vga_with_keyboard behavioral "C:/Users/Benjamin/Documents/GitHub/ENEL-453-Labs/Lab 4/lab4_Hilborn_Kopp_prelab/Lab4_Hilborn_Kopp/vga_with_keyboard.vhd" sub00/vhpl01 1427225972
AR keyboard behavioral "C:/Users/Benjamin/Documents/GitHub/ENEL-453-Labs/Lab 4/lab4_Hilborn_Kopp_prelab/Lab4_Hilborn_Kopp/keyboard.vhd" sub00/vhpl03 1427225962
EN decoded_keyboard NULL "C:/Users/Benjamin/Documents/GitHub/ENEL-453-Labs/Lab 4/lab4_Hilborn_Kopp_prelab/Lab4_Hilborn_Kopp/decoded_keyboard.vhd.vhd" sub00/vhpl08 1427225967
AR controlled_box behavioral "C:/Users/Benjamin/Documents/GitHub/ENEL-453-Labs/Lab 4/lab4_Hilborn_Kopp_prelab/Lab4_Hilborn_Kopp/controlled_box.vhd" sub00/vhpl07 1427225966
EN vga_with_keyboard NULL "C:/Users/Benjamin/Documents/GitHub/ENEL-453-Labs/Lab 4/lab4_Hilborn_Kopp_prelab/Lab4_Hilborn_Kopp/vga_with_keyboard.vhd" sub00/vhpl00 1427225971
