V3 3
FL "C:/Users/Benjamin/Documents/GitHub/ENEL-453-Labs/Lab 4/lab4_Hilborn_Kopp_prelab/Lab4_Hilborn_Kopp/vga_with_keyboard.vhd" 2015/03/24.08:29:08 P.20131013
EN work/vga_with_keyboard 1427207353 \
      FL "C:/Users/Benjamin/Documents/GitHub/ENEL-453-Labs/Lab 4/lab4_Hilborn_Kopp_prelab/Lab4_Hilborn_Kopp/vga_with_keyboard.vhd" \
      PB ieee/std_logic_1164 1381692176
AR work/vga_with_keyboard/Behavioral 1427207354 \
      FL "C:/Users/Benjamin/Documents/GitHub/ENEL-453-Labs/Lab 4/lab4_Hilborn_Kopp_prelab/Lab4_Hilborn_Kopp/vga_with_keyboard.vhd" \
      EN work/vga_with_keyboard 1427207353
